
 RUN  v4.0.18 C:/Users/abdou/Desktop/Life-at-Daust-Store

 Γ¥» src/debug.test.jsx (1 test | 1 failed) 261ms
     ├ù renders the Home page 259ms
node.exe : 
At line:1 char:1
+ & "C:\Program 
Files\nodejs/node.exe" 
"C:\Program 
Files\nodejs/node_mo 
...
+ ~~~~~~~~~~~~~~~~~~~~~
~~~~~~~~~~~~~~~~~~~~~~~
~~~~~~~~~~~~~~~~~~~~~~~
~~
    + CategoryInfo     
         : NotSpecifi  
  ed: (:String) [],    
 RemoteException
    + FullyQualifiedEr 
   rorId : NativeComm  
  andError
 
ΓÄ»ΓÄ»ΓÄ»ΓÄ»ΓÄ»ΓÄ»ΓÄ» 
Failed Tests 1 
ΓÄ»ΓÄ»ΓÄ»ΓÄ»ΓÄ»ΓÄ»ΓÄ»

 FAIL  
src/debug.test.jsx > 
Debug App Rendering > 
renders the Home page
TestingLibraryElementEr
ror: Unable to find an 
element with the text: 
/university of/i. This 
could be because the 
text is broken up by 
multiple elements. In 
this case, you can 
provide a function for 
your text matcher to 
make your matcher more 
flexible.

Ignored nodes: 
comments, script, style
[36m<body[39m
  [33mstyle[39m=[32m
"overflow: unset;"[39m
[36m>[39m
  [36m<div>[39m
    [36m<div[39m
      [33mclass[39m=
[32m"min-h-screen 
bg-white flex 
flex-col"[39m
    [36m>[39m
      [36m<nav[39m
        [33mclass[39m
=[32m"sticky top-0 
z-[100] transition-all 
duration-500 
bg-white/95 
backdrop-blur-md"[39m
      [36m>[39m
        [36m<div[39m
          [33mclass[3
9m=[32m"max-w-7xl 
mx-auto px-4 sm:px-6 
lg:px-8 w-full"[39m
        [36m>[39m
          
[36m<div[39m
            [33mclass
[39m=[32m"flex 
items-center 
justify-between h-20 
lg:h-32 relative"[39m
          [36m>[39m
            
[36m<div[39m
              [33mclas
s[39m=[32m"hidden 
lg:flex items-center 
gap-2 flex-1 
animate-fade-in"[39m
            [36m>[39m
              
[36m<a[39m
                [33mcl
ass[39m=[32m"relative
 px-4 py-2 text-[11px] 
font-[900] uppercase 
tracking-[0.25em] 
transition-all 
duration-300 
nav-link-ul 
text-gray-700 hover:tex
t-brand-orange"[39m
                [33mda
ta-discover[39m=[32m"
true"[39m
                [33mhr
ef[39m=[32m"/shop"[3
9m
              
[36m>[39m
                
[0mShop[0m
              
[36m</a>[39m
              
[36m<div[39m
                [33mcl
ass[39m=[32m"relative
 group dropdown"[39m
              
[36m>[39m
                
[36m<button[39m
                  [33m
class[39m=[32m"flex 
items-center gap-1.5 
px-4 py-2 text-[11px] 
font-[900] uppercase 
tracking-[0.25em] 
text-gray-700 hover:tex
t-brand-orange 
transition-all 
duration-300"[39m
                
[36m>[39m
                  
[0mCollections[0m
                  
[36m<svg[39m
                    [3
3maria-hidden[39m=[32
m"true"[39m
                    [3
3mclass[39m=[32m"luci
de lucide-chevron-down 
opacity-40 
group-hover:rotate-180 
transition-transform 
duration-300 group-hove
r:text-brand-orange"[3
9m
                    [3
3mfill[39m=[32m"none"
[39m
                    [3
3mheight[39m=[32m"11"
[39m
                    [3
3mstroke[39m=[32m"cur
rentColor"[39m
                    [3
3mstroke-linecap[39m=
[32m"round"[39m
                    [3
3mstroke-linejoin[39m=
[32m"round"[39m
                    [3
3mstroke-width[39m=[3
2m"2"[39m
                    [3
3mviewBox[39m=[32m"0 
0 24 24"[39m
                    [3
3mwidth[39m=[32m"11"
[39m
                    [3
3mxmlns[39m=[32m"http
://www.w3.org/2000/svg"
[39m
                  
[36m>[39m
                    
[36m<path[39m
                      
[33md[39m=[32m"m6 9 
6 6 6-6"[39m
                    
[36m/>[39m
                  
[36m</svg>[39m
                
[36m</button>[39m
                
[36m<div[39m
                  [33m
class[39m=[32m"dropdo
wn-menu absolute 
hidden pt-3 w-60 
left-0 z-50"[39m
                
[36m>[39m
                  
[36m<div[39m
                    [3
3mclass[39m=[32m"bg-w
hite rounded-[2rem] 
shadow-2xl 
shadow-black/10 border 
border-gray-100 
overflow-hidden 
p-2"[39m
                  
[36m>[39m
                    
[36m<div[39m
                      
[33mclass[39m=[32m"px
-5 py-4 text-xs 
text-gray-400"[39m
                    
[36m>[39m
                      
[0mNo collections 
available[0m
                    
[36m</div>[39m
                  
[36m</div>[39m
                
[36m</div>[39m
              
[36m</div>[39m
              
[36m<a[39m
                [33mcl
ass[39m=[32m"relative
 px-4 py-2 text-[11px] 
font-[900] uppercase 
tracking-[0.25em] 
transition-all 
duration-300 
nav-link-ul 
text-gray-700 hover:tex
t-brand-orange"[39m
                [33mda
ta-discover[39m=[32m"
true"[39m
                [33mhr
ef[39m=[32m"/about"[
39m
              
[36m>[39m
                
[0mAbout[0m
              
[36m</a>[39m
              
[36m<a[39m
                [33mcl
ass[39m=[32m"relative
 px-4 py-2 text-[11px] 
font-[900] uppercase 
tracking-[0.25em] 
transition-all 
duration-300 
nav-link-ul 
text-gray-700 hover:tex
t-brand-orange"[39m
                [33mda
ta-discover[39m=[32m"
true"[39m
                [33mhr
ef[39m=[32m"/contact"
[39m
              
[36m>[39m
                
[0mContact[0m
              
[36m</a>[39m
            
[36m</div>[39m
            
[36m<a[39m
              [33mclas
s[39m=[32m"absolute 
left-1/2 
-translate-x-1/2 flex 
items-center group 
flex-shrink-0"[39m
              [33mdata
-discover[39m=[32m"tr
ue"[39m
              [33mhref
[39m=[32m"/"[39m
            [36m>[39m
              
[36m<img[39m
                [33mal
t[39m=[32m"Life at 
DAUST"[39m
                [33mcl
ass[39m=[32m"h-8 
sm:h-10 lg:h-[120px] 
w-auto 
transition-transform 
duration-700 group-hove
r:scale-105"[39m
                [33msr
c[39m=[32m"/src/asset
s/logo.png"[39m
              
[36m/>[39m
            
[36m</a>[39m
            
[36m<div[39m
              [33mclas
s[39m=[32m"flex 
items-center 
justify-end gap-3 
flex-1"[39m
            [36m>[39m
              
[36m<form[39m
                [33mcl
ass[39m=[32m"hidden 
lg:flex items-center 
bg-gray-50/50 border 
border-gray-100 
rounded-full px-4 py-2 
w-48 lg:w-64 
focus-within:ring-4 foc
us-within:ring-brand-or
ange/5 focus-within:bor
der-brand-orange/40 
transition-all 
duration-500"[39m
              
[36m>[39m
                
[36m<svg[39m
                  [33m
aria-hidden[39m=[32m"
true"[39m
                  [33m
class[39m=[32m"lucide
 lucide-search 
text-gray-400 
mr-3"[39m
                  [33m
fill[39m=[32m"none"[
39m
                  [33m
height[39m=[32m"16"[
39m
                  [33m
stroke[39m=[32m"curre
ntColor"[39m
                  [33m
stroke-linecap[39m=[3
2m"round"[39m
                  [33m
stroke-linejoin[39m=[
32m"round"[39m
                  [33m
stroke-width[39m=[32m
"2"[39m
                  [33m
viewBox[39m=[32m"0 0 
24 24"[39m
                  [33m
width[39m=[32m"16"[3
9m
                  [33m
xmlns[39m=[32m"http:/
/www.w3.org/2000/svg"[
39m
                
[36m>[39m
                  
[36m<path[39m
                    
[33md[39m=[32m"m21 
21-4.34-4.34"[39m
                  
[36m/>[39m
                  
[36m<circle[39m
                    [3
3mcx[39m=[32m"11"[39
m
                    [3
3mcy[39m=[32m"11"[39
m
                    [3
3mr[39m=[32m"8"[39m
                  
[36m/>[39m
                
[36m</svg>[39m
                
[36m<input[39m
                  [33m
class[39m=[32m"bg-tra
nsparent border-none 
text-[10px] font-[700] 
uppercase 
tracking-wider w-full 
focus:ring-0 p-0 placeh
older:text-gray-400"[3
9m
                  [33m
name[39m=[32m"q"[39m
                  [33m
placeholder[39m=[32m"
Find your 
style..."[39m

 Test Files  1 failed (1)
      Tests  1 failed (1)
   Start at  10:56:54
   Duration  3.36s (transform 640ms, setup 252ms, import 972ms, tests 261ms, environment 1.06s)

                  [33m
type[39m=[32m"text"[
39m
                
[36m/>[39m
              
[36m</form>[39m
              
[36m<a[39m
                [33mar
ia-label[39m=[32m"Car
t"[39m
                [33mcl
ass[39m=[32m"relative
 flex items-center 
gap-3 px-4 py-3 
text-gray-700 hover:tex
t-brand-orange 
rounded-2xl 
hover:bg-gray-50 
transition-...
 Γ¥» 
Object.getElementError 
node_modules/@testing-l
ibrary/dom/dist/config.
js:37:19
 Γ¥» node_modules/@test
ing-library/dom/dist/qu
ery-helpers.js:76:38
 Γ¥» node_modules/@test
ing-library/dom/dist/qu
ery-helpers.js:52:17
 Γ¥» node_modules/@test
ing-library/dom/dist/qu
ery-helpers.js:95:19
 Γ¥» src/debug.test.jsx
:22:23
     20|     
it('renders the Home 
page', async () => {
     21|         render
WithProviders(<App />);
     22|         expect
(screen.getByText(/univ
ersity of/i)).toBeInThe
Document();
       |               
        ^
     23|     });
     24| });

ΓÄ»ΓÄ»ΓÄ»ΓÄ»ΓÄ»ΓÄ»ΓÄ»ΓÄ
»ΓÄ»ΓÄ»ΓÄ»ΓÄ»ΓÄ»ΓÄ»ΓÄ»Γ
Ä»ΓÄ»ΓÄ»ΓÄ»ΓÄ»ΓÄ»ΓÄ»ΓÄ»
ΓÄ»[1/1]ΓÄ»

